5. Клонировать репозиторий JSON на локальный компьютер.
Димон@KOMPUTER MINGW64 /e/GitBASCH_group_QA_30
$ git clone https://github.com/dimastiy30/JSON.git
Cloning into 'JSON'...
remote: Enumerating objects: 3, done.
remote: Counting objects: 100% (3/3), done.
remote: Total 3 (delta 0), reused 0 (delta 0), pack-reused 0
Receiving objects: 100% (3/3), done.

 6. Внутри локального JSON создать файл “new.json”.
Димон@KOMPUTER MINGW64 /e/GitBASCH_group_QA_30/JSON (main)
$ touch new.json

7. Добавить файл под гит.
Димон@KOMPUTER MINGW64 /e/GitBASCH_group_QA_30/JSON (main)
$ git add new.json

8. Закоммитить файл.
Димон@KOMPUTER MINGW64 /e/GitBASCH_group_QA_30/JSON (main)
$ git commit -m "new fail"
[main 126e629] new fail
 1 file changed, 0 insertions(+), 0 deletions(-)
 create mode 100644 new.json

9. Отправить файл на внешний GitHub репозиторий.
Димон@KOMPUTER MINGW64 /e/GitBASCH_group_QA_30/JSON (main)
$ git push
Enumerating objects: 4, done.
Counting objects: 100% (4/4), done.
Delta compression using up to 4 threads
Compressing objects: 100% (2/2), done.
Writing objects: 100% (3/3), 272 bytes | 272.00 KiB/s, done.
Total 3 (delta 0), reused 0 (delta 0), pack-reused 0
To https://github.com/dimastiy30/JSON.git
   7d448e9..126e629  main -> main

10. Отредактировать содержание файла “new.json” - написать информацию о себе (ФИО, возраст, количество домашних животных, будущая желаемая зарплата). Всё написать в формате JSON.
Димон@KOMPUTER MINGW64 /e/GitBASCH_group_QA_30/JSON (main)
$ vim new.json

Димон@KOMPUTER MINGW64 /e/GitBASCH_group_QA_30/JSON (main)
$ cat new.json
{ "full name": "Головенько Дмитро Анатолійович",
        "age": 31,
        "number of pets": 1,
        "future salary": "from UAH 30000" }

11. Отправить изменения на внешний репозиторий.
Димон@KOMPUTER MINGW64 /e/GitBASCH_group_QA_30/JSON (main)
$ git add new.json
warning: LF will be replaced by CRLF in new.json.
The file will have its original line endings in your working directory

Димон@KOMPUTER MINGW64 /e/GitBASCH_group_QA_30/JSON (main)
$ git commit -m "add text"
[main 9e42e08] add text
 1 file changed, 4 insertions(+)

Димон@KOMPUTER MINGW64 /e/GitBASCH_group_QA_30/JSON (main)
$ git push
Enumerating objects: 5, done.
Counting objects: 100% (5/5), done.
Delta compression using up to 4 threads
Compressing objects: 100% (3/3), done.
Writing objects: 100% (3/3), 404 bytes | 404.00 KiB/s, done.
Total 3 (delta 0), reused 0 (delta 0), pack-reused 0
To https://github.com/dimastiy30/JSON.git
   126e629..9e42e08  main -> main


12. Создать файл preferences.json
Димон@KOMPUTER MINGW64 /e/GitBASCH_group_QA_30/JSON (main)
$ touch preferences.json

13. В файл preferences.json добавить информацию о своих предпочтениях (Любимый фильм, любимый сериал, любимая еда, любимое время года, сторона которую хотели бы посетить) в формате JSON.
Димон@KOMPUTER MINGW64 /e/GitBASCH_group_QA_30/JSON (main)
$ vim preferences.json

Димон@KOMPUTER MINGW64 /e/GitBASCH_group_QA_30/JSON (main)
$ cat preferences.json
{ "favorite movie": "dead pool",
        "favorite TV series": "Гра престолів",
        "favorite food": "Піца",
        "season": "Літо",
        "country visit": "Bora Bora" }

14. Создать файл sklls.json добавить информацию о скиллах которые будут изучены на курсе в формате JSON
Димон@KOMPUTER MINGW64 /e/GitBASCH_group_QA_30/JSON (main)
$ touch sklls.json

Димон@KOMPUTER MINGW64 /e/GitBASCH_group_QA_30/JSON (main)
$ vim sklls.json

Димон@KOMPUTER MINGW64 /e/GitBASCH_group_QA_30/JSON (main)
$ cat sklls.json
{ "sklls": "terminal, git, postman, js" }

15. Отправить сразу 2 файла на внешний репозиторий.
Димон@KOMPUTER MINGW64 /e/GitBASCH_group_QA_30/JSON (main)
$ git status
On branch main
Your branch is up to date with 'origin/main'.

Untracked files:
  (use "git add <file>..." to include in what will be committed)
        preferences.json
        sklls.json

nothing added to commit but untracked files present (use "git add" to track)

Димон@KOMPUTER MINGW64 /e/GitBASCH_group_QA_30/JSON (main)
$ git add .
warning: LF will be replaced by CRLF in preferences.json.
The file will have its original line endings in your working directory
warning: LF will be replaced by CRLF in sklls.json.
The file will have its original line endings in your working directory

Димон@KOMPUTER MINGW64 /e/GitBASCH_group_QA_30/JSON (main)
$ git commit -m "add fail"
[main e03180e] add fail
 2 files changed, 6 insertions(+)
 create mode 100644 preferences.json
 create mode 100644 sklls.json

Димон@KOMPUTER MINGW64 /e/GitBASCH_group_QA_30/JSON (main)
$ git push
Enumerating objects: 5, done.
Counting objects: 100% (5/5), done.
Delta compression using up to 4 threads
Compressing objects: 100% (3/3), done.
Writing objects: 100% (4/4), 518 bytes | 518.00 KiB/s, done.
Total 4 (delta 0), reused 0 (delta 0), pack-reused 0
To https://github.com/dimastiy30/JSON.git
   20b9f7f..e03180e  main -> main


16. На веб интерфейсе создать файл bug_report.json.

https://github.com/dimastiy30/JSON.git

17. Сделать Commit changes (сохранить) изменения на веб интерфейсе.

https://github.com/dimastiy30/JSON.git

18. На веб интерфейсе модифицировать файл bug_report.json, добавить баг репорт в формате JSON.

{ "Telegram nickname": "@JohnnyShwarts",
 "Bug_id": 44,
 "Title": "Dotted lines not showing",
 "Severity": "Major",
 "Priority": "high",
 "Environmentv": "1) Redmi note 7 /MIUI 12.5.3",
 "Precondition": "widget on the screen with sizes 5x6 and 4x6, text size (L, xxs, xxl)",
 "STR": "long press button (for possible screen transformation)",
 "AR": "Neither side displays dotted lines (when stretched across the screen)",
 "ER": "Dotted lines are visible on the edges" }

 19. Сделать Commit changes (сохранить) изменения на веб интерфейсе.

https://github.com/dimastiy30/JSON.git

20. Синхронизировать внешний и локальный репозиторий JSON
Димон@KOMPUTER MINGW64 /e/GitBASCH_group_QA_30/JSON (main)
$ git fetch
remote: Enumerating objects: 7, done.
remote: Counting objects: 100% (7/7), done.
remote: Compressing objects: 100% (5/5), done.
remote: Total 6 (delta 2), reused 0 (delta 0), pack-reused 0
Unpacking objects: 100% (6/6), 1.53 KiB | 5.00 KiB/s, done.
From https://github.com/dimastiy30/JSON
   e03180e..5728da5  main       -> origin/main

Димон@KOMPUTER MINGW64 /e/GitBASCH_group_QA_30/JSON (main)
$ git pull
Updating e03180e..5728da5
Fast-forward
 bug_report.json | 10 ++++++++++
 1 file changed, 10 insertions(+)
 create mode 100644 bug_report.json


XML.

21. Создать внешний репозиторий c названием XML.
22. Клонировать репозиторий XML на локальный компьютер.

Димон@KOMPUTER MINGW64 /e/GitBASCH_group_QA_30
$ git clone https://github.com/dimastiy30/XML.git
Cloning into 'XML'...
remote: Enumerating objects: 3, done.
remote: Counting objects: 100% (3/3), done.
remote: Total 3 (delta 0), reused 0 (delta 0), pack-reused 0
Receiving objects: 100% (3/3), done.

23. Внутри локального XML создать файл “new.xml”.
Димон@KOMPUTER MINGW64 /e/GitBASCH_group_QA_30/XML (main)
$ touch new.xml

24. Добавить файл под гит.
Димон@KOMPUTER MINGW64 /e/GitBASCH_group_QA_30/XML (main)
$ git add new.xml

25. Закоммитить файл.
Димон@KOMPUTER MINGW64 /e/GitBASCH_group_QA_30/XML (main)
$ git commit -m "new file"
[main 6d7b0de] new file
 1 file changed, 0 insertions(+), 0 deletions(-)
 create mode 100644 new.xml

26. Отправить файл на внешний GitHub репозиторий.
Димон@KOMPUTER MINGW64 /e/GitBASCH_group_QA_30/XML (main)
$ git push
Enumerating objects: 4, done.
Counting objects: 100% (4/4), done.
Delta compression using up to 4 threads
Compressing objects: 100% (2/2), done.
Writing objects: 100% (3/3), 270 bytes | 270.00 KiB/s, done.
Total 3 (delta 0), reused 0 (delta 0), pack-reused 0
To https://github.com/dimastiy30/XML.git
   21b9281..6d7b0de  main -> main

27. Отредактировать содержание файла “new.xml” - написать информацию о себе (ФИО, возраст, количество домашних животных, будущая желаемая зарплата). Всё написать в формате XML.

Димон@KOMPUTER MINGW64 /e/GitBASCH_group_QA_30/XML (main)
$ vim new.xml

Димон@KOMPUTER MINGW64 /e/GitBASCH_group_QA_30/XML (main)
$ cat new.xml
<req>
        <full name>Головенько Дмитро Анатолійович</full name>
        <are>31</are>
        <number of pets>1</number of pets>
        <future salary>from UAH 30000</future salary>
</req>

28. Отправить изменения на внешний репозиторий.
Димон@KOMPUTER MINGW64 /e/GitBASCH_group_QA_30/XML (main)
$ git add new.xml
warning: LF will be replaced by CRLF in new.xml.
The file will have its original line endings in your working directory

Димон@KOMPUTER MINGW64 /e/GitBASCH_group_QA_30/XML (main)
$ git commit -m "add text"
[main 3473bfd] add text
 1 file changed, 6 insertions(+)

Димон@KOMPUTER MINGW64 /e/GitBASCH_group_QA_30/XML (main)
$ git push
Enumerating objects: 5, done.
Counting objects: 100% (5/5), done.
Delta compression using up to 4 threads
Compressing objects: 100% (3/3), done.
Writing objects: 100% (3/3), 414 bytes | 414.00 KiB/s, done.
Total 3 (delta 0), reused 0 (delta 0), pack-reused 0
To https://github.com/dimastiy30/XML.git
   6d7b0de..3473bfd  main -> main

29. Создать файл preferences.xml
Димон@KOMPUTER MINGW64 /e/GitBASCH_group_QA_30/XML (main)
$ touch preferences.xml

30. В файл preferences.xml добавить информацию о своих предпочтениях (Любимый фильм, любимый сериал, любимая еда, любимое время года, сторона которую хотели бы посетить) в формате XML.

Димон@KOMPUTER MINGW64 /e/GitBASCH_group_QA_30/XML (main)
$ vim preferences.xml

Димон@KOMPUTER MINGW64 /e/GitBASCH_group_QA_30/XML (main)
$ cat preferences.xml
<cat>
        <favorite movie>dead pool</favorite movie>
        <favorite TV series>Гра престолів</favorite TV series>
        <favorite food>Піца</favorite food>
        <season>Літо</season>
        <country visit>Bora Bora</country visit>
</cat>

31. Создать файл sklls.xml добавить информацию о скиллах которые будут изучены на курсе в формате XML
Димон@KOMPUTER MINGW64 /e/GitBASCH_group_QA_30/XML (main)
$ vim sklls.xml

Димон@KOMPUTER MINGW64 /e/GitBASCH_group_QA_30/XML (main)
$ cat sklls.xml
<cat>
        <sklls>terminal, git, postman, js</sklls>
</cat>


 32. Сделать коммит в одну строку.
Димон@KOMPUTER MINGW64 /e/GitBASCH_group_QA_30/XML (main)
$ git add . ; git commit -m "Скилы"
warning: LF will be replaced by CRLF in preferences.xml.
The file will have its original line endings in your working directory
warning: LF will be replaced by CRLF in sklls.xml.
The file will have its original line endings in your working directory
[main e2d9493] Скилы
 2 files changed, 10 insertions(+)
 create mode 100644 preferences.xml
 create mode 100644 sklls.xml


33. Отправить сразу 2 файла на внешний репозиторий.
Димон@KOMPUTER MINGW64 /e/GitBASCH_group_QA_30/XML (main)
$ git push
Enumerating objects: 5, done.
Counting objects: 100% (5/5), done.
Delta compression using up to 4 threads
Compressing objects: 100% (4/4), done.
Writing objects: 100% (4/4), 558 bytes | 279.00 KiB/s, done.
Total 4 (delta 0), reused 0 (delta 0), pack-reused 0
To https://github.com/dimastiy30/XML.git
   3473bfd..e2d9493  main -> main

34. На веб интерфейсе создать файл bug_report.xml.
https://github.com/dimastiy30/XML.git

35. Сделать Commit changes (сохранить) изменения на веб интерфейсе.

https://github.com/dimastiy30/XML.git

36. На веб интерфейсе модифицировать файл bug_report.xml, добавить баг репорт в формате XML.

https://github.com/dimastiy30/XML.git

37. Сделать Commit changes (сохранить) изменения на веб интерфейсе.

https://github.com/dimastiy30/XML.git

38. Синхронизировать внешний и локальный репозиторий XML

Димон@KOMPUTER MINGW64 /e/GitBASCH_group_QA_30/XML (main)
$ git pull
Updating e2d9493..7b375fe
Fast-forward
 dug.report.xml | 12 ++++++++++++
 1 file changed, 12 insertions(+)
 create mode 100644 dug.report.xml



TXT


1. Создать внешний репозиторий c названием TXT.

2. Клонировать репозиторий TXT на локальный компьютер.

Димон@KOMPUTER MINGW64 /e/GitBASCH_group_QA_30
$ git clone https://github.com/dimastiy30/TXT.git
Cloning into 'TXT'...
remote: Enumerating objects: 3, done.
remote: Counting objects: 100% (3/3), done.
remote: Total 3 (delta 0), reused 0 (delta 0), pack-reused 0
Receiving objects: 100% (3/3), done.


3. Внутри локального TXT создать файл “new.txt”
Димон@KOMPUTER MINGW64 /e/GitBASCH_group_QA_30/TXT (main)
$ touch new.txt

4. Добавить файл под гит.
Димон@KOMPUTER MINGW64 /e/GitBASCH_group_QA_30/TXT (main)
$ git add new.txt

5. Закоммитить файл.
Димон@KOMPUTER MINGW64 /e/GitBASCH_group_QA_30/TXT (main)
$ git commit -m "empty file"
[main f95b274] empty file
 1 file changed, 0 insertions(+), 0 deletions(-)
 create mode 100644 new.txt

6. Отправить файл на внешний GitHub репозиторий.
Димон@KOMPUTER MINGW64 /e/GitBASCH_group_QA_30/TXT (main)
$ git push
Enumerating objects: 4, done.
Counting objects: 100% (4/4), done.
Delta compression using up to 4 threads
Compressing objects: 100% (2/2), done.
Writing objects: 100% (3/3), 272 bytes | 272.00 KiB/s, done.
Total 3 (delta 0), reused 0 (delta 0), pack-reused 0
To https://github.com/dimastiy30/TXT.git
   e5c9e26..f95b274  main -> main


7. Отредактировать содержание файла “new.txt” - написать информацию о себе (ФИО, возраст, количество домашних животных, будущая желаемая зарплата). Всё написать в формате TXT.

Димон@KOMPUTER MINGW64 /e/GitBASCH_group_QA_30/TXT (main)
$ vim new.txt

Димон@KOMPUTER MINGW64 /e/GitBASCH_group_QA_30/TXT (main)
$ cat new.txt
1 - full name - Головенько Дмитро Анатолійович
2 - age - 31
3 - number of pets - 1
4 - future salary - from UAH 30000

8. Отправить изменения на внешний репозиторий.
Димон@KOMPUTER MINGW64 /e/GitBASCH_group_QA_30/TXT (main)
$ git add new.txt
warning: LF will be replaced by CRLF in new.txt.
The file will have its original line endings in your working directory

Димон@KOMPUTER MINGW64 /e/GitBASCH_group_QA_30/TXT (main)
$ git commit -m "Особисті дані"
[main b18b88d] Особисті дані
 1 file changed, 4 insertions(+)

Димон@KOMPUTER MINGW64 /e/GitBASCH_group_QA_30/TXT (main)
$ git push

9. Создать файл preferences.txt
Димон@KOMPUTER MINGW64 /e/GitBASCH_group_QA_30/TXT (main)
$ touch preferences.txt

10. В файл preferences.txt” добавить информацию о своих предпочтениях (Любимый фильм, любимый сериал, любимая еда, любимое время года, сторона которую хотели бы посетить) в формате TXT

Димон@KOMPUTER MINGW64 /e/GitBASCH_group_QA_30/TXT (main)
$ vim preferences.txt

Димон@KOMPUTER MINGW64 /e/GitBASCH_group_QA_30/TXT (main)
$ cat preferences.txt
1-favorite movie - dead pool
2-favorite TV series - Гра престолів
3-favorite food - Піца
4-season - Літо
5-country visit - Bora Bora


11. Создать файл sklls.txt добавить информацию о скиллах которые будут изучены на курсе в формате TXT
Димон@KOMPUTER MINGW64 /e/GitBASCH_group_QA_30/TXT (main)
$ cat >> sklls.txt
1-термінал
2-гит
3-постман
4-js


12. Сделать коммит в одну строку
Димон@KOMPUTER MINGW64 /e/GitBASCH_group_QA_30/TXT (main)
$ git add . | xargs -t git commit -m "add fail"

 13. Отправить сразу 2 файла на внешний репозиторий.
Димон@KOMPUTER MINGW64 /e/GitBASCH_group_QA_30/TXT (main)
$ git push

14. На веб интерфейсе создать файл bug_report.txt.

15. Сделать Commit changes (сохранить) изменения на веб интерфейсе.


16. На веб интерфейсе модифицировать файл bug_report.txt, добавить баг репорт в формате TXT.

https://github.com/dimastiy30/TXT.git

17. Сделать Commit changes (сохранить) изменения на веб интерфейсе.


18. Синхронизировать внешний и локальный репозиторий TXT

Димон@KOMPUTER MINGW64 /e/GitBASCH_group_QA_30/TXT (main)
$ git pull
Updating 4cc4aad..95f0644
Fast-forward
 bug_report.txt | 10 ++++++++++
 1 file changed, 10 insertions(+)
 create mode 100644 bug_report.txt




